{
    "Should run without failures": {
        "content": [
            [
                "service-info.json:md5,72586e82ad2064d1a90008c7956d80d8",
                "workflow-load.json:md5,4f02d5a24ab89aa648cd4346785c8f2c",
                "workflow-metadata.json:md5,b37b4faeddf283a2c44cbe4000e4ab6e",
                "workflow-metrics.json:md5,13a5b5d7447fad4a8baa053d1abf85e5",
                "workflow-tasks.json:md5,577a7472816b7729012a9291d97ff150",
                "workflow.json:md5,658701f8d7af1b7112534a7f58cd9aa7"
            ],
            null
        ],
        "meta": {
            "nf-test": "0.8.4",
            "nextflow": "24.04.2"
        },
        "timestamp": "2024-07-25T10:21:06.447483"
    }
}